[2026-03-15 14:55:15] 开始生成结构，样本数=5000
[2026-03-15 14:55:15] 基准参数: N_COARSE=8, N_FINE=64, SIGMA1=1.9, SIGMA2=1.1, MIN_FEATURE_PX=7
[2026-03-15 14:55:15] 扰动范围: N_COARSE in {8, 10, 12}, SIGMA1 in [1.70, 2.15], SIGMA2 in [1.00, 1.30], MIN_FEATURE_PX in {5, 6, 7, 8}
[2026-03-15 14:55:15] TARGET_FILL 档位: (0.4, 0.5, 0.6, 0.7, 0.8)，按样本数尽量平均分配
[2026-03-15 14:55:15] 进度 50/5000，fill=0.6963，N_COARSE=8，SIGMA1=1.98，SIGMA2=1.28，MIN_FEATURE_PX=6
[2026-03-15 14:55:15] 进度 100/5000，fill=0.6357，N_COARSE=8，SIGMA1=2.12，SIGMA2=1.19，MIN_FEATURE_PX=6
[2026-03-15 14:55:16] 进度 150/5000，fill=0.3799，N_COARSE=8，SIGMA1=2.00，SIGMA2=1.07，MIN_FEATURE_PX=6
[2026-03-15 14:55:16] 进度 200/5000，fill=0.2295，N_COARSE=12，SIGMA1=1.73，SIGMA2=1.23，MIN_FEATURE_PX=8
[2026-03-15 14:55:16] 进度 250/5000，fill=0.3447，N_COARSE=12，SIGMA1=1.96，SIGMA2=1.04，MIN_FEATURE_PX=6
[2026-03-15 14:55:16] 进度 300/5000，fill=0.3115，N_COARSE=8，SIGMA1=1.83，SIGMA2=1.19，MIN_FEATURE_PX=5
[2026-03-15 14:55:16] 进度 350/5000，fill=0.3252，N_COARSE=8，SIGMA1=2.06，SIGMA2=1.17，MIN_FEATURE_PX=5
[2026-03-15 14:55:16] 进度 400/5000，fill=0.4834，N_COARSE=10，SIGMA1=2.06，SIGMA2=1.22，MIN_FEATURE_PX=7
[2026-03-15 14:55:16] 进度 450/5000，fill=0.7100，N_COARSE=12，SIGMA1=2.14，SIGMA2=1.10，MIN_FEATURE_PX=6
[2026-03-15 14:55:16] 进度 500/5000，fill=0.3799，N_COARSE=10，SIGMA1=1.76，SIGMA2=1.28，MIN_FEATURE_PX=7
[2026-03-15 14:55:16] 进度 550/5000，fill=0.3867，N_COARSE=10，SIGMA1=1.92，SIGMA2=1.17，MIN_FEATURE_PX=8
[2026-03-15 14:55:16] 进度 600/5000，fill=0.5225，N_COARSE=8，SIGMA1=1.96，SIGMA2=1.07，MIN_FEATURE_PX=6
[2026-03-15 14:55:16] 进度 650/5000，fill=0.5586，N_COARSE=10，SIGMA1=1.97，SIGMA2=1.25，MIN_FEATURE_PX=7
[2026-03-15 14:55:17] 进度 700/5000，fill=0.3105，N_COARSE=8，SIGMA1=1.93，SIGMA2=1.13，MIN_FEATURE_PX=5
[2026-03-15 14:55:17] 进度 750/5000，fill=0.3408，N_COARSE=10，SIGMA1=1.95，SIGMA2=1.11，MIN_FEATURE_PX=7
[2026-03-15 14:55:17] 进度 800/5000，fill=0.6230，N_COARSE=10，SIGMA1=1.72，SIGMA2=1.27，MIN_FEATURE_PX=7
[2026-03-15 14:55:17] 进度 850/5000，fill=0.4951，N_COARSE=12，SIGMA1=1.87，SIGMA2=1.01，MIN_FEATURE_PX=5
[2026-03-15 14:55:17] 进度 900/5000，fill=0.5049，N_COARSE=12，SIGMA1=2.02，SIGMA2=1.21，MIN_FEATURE_PX=5
[2026-03-15 14:55:17] 进度 950/5000，fill=0.3984，N_COARSE=8，SIGMA1=2.07，SIGMA2=1.19，MIN_FEATURE_PX=6
[2026-03-15 14:55:17] 进度 1000/5000，fill=0.2715，N_COARSE=8，SIGMA1=1.90，SIGMA2=1.08，MIN_FEATURE_PX=6
[2026-03-15 14:55:17] 进度 1050/5000，fill=0.7383，N_COARSE=10，SIGMA1=1.94，SIGMA2=1.18，MIN_FEATURE_PX=5
[2026-03-15 14:55:17] 进度 1100/5000，fill=0.5117，N_COARSE=10，SIGMA1=1.95，SIGMA2=1.18，MIN_FEATURE_PX=6
[2026-03-15 14:55:17] 进度 1150/5000，fill=0.5244，N_COARSE=10，SIGMA1=1.87，SIGMA2=1.17，MIN_FEATURE_PX=7
[2026-03-15 14:55:18] 进度 1200/5000，fill=0.3760，N_COARSE=8，SIGMA1=2.12，SIGMA2=1.19，MIN_FEATURE_PX=7
[2026-03-15 14:55:18] 进度 1250/5000，fill=0.4629，N_COARSE=12，SIGMA1=2.03，SIGMA2=1.27，MIN_FEATURE_PX=6
[2026-03-15 14:55:18] 进度 1300/5000，fill=0.4600，N_COARSE=12，SIGMA1=1.98，SIGMA2=1.07，MIN_FEATURE_PX=5
[2026-03-15 14:55:18] 进度 1350/5000，fill=0.7461，N_COARSE=10，SIGMA1=1.98，SIGMA2=1.11，MIN_FEATURE_PX=8
[2026-03-15 14:55:18] 进度 1400/5000，fill=0.6484，N_COARSE=10，SIGMA1=1.79，SIGMA2=1.21，MIN_FEATURE_PX=6
[2026-03-15 14:55:18] 进度 1450/5000，fill=0.6660，N_COARSE=12，SIGMA1=1.76，SIGMA2=1.13，MIN_FEATURE_PX=7
[2026-03-15 14:55:18] 进度 1500/5000，fill=0.4326，N_COARSE=8，SIGMA1=2.06，SIGMA2=1.19，MIN_FEATURE_PX=5
[2026-03-15 14:55:18] 进度 1550/5000，fill=0.6963，N_COARSE=10，SIGMA1=2.03，SIGMA2=1.24，MIN_FEATURE_PX=7
[2026-03-15 14:55:18] 进度 1600/5000，fill=0.3047，N_COARSE=8，SIGMA1=2.10，SIGMA2=1.22，MIN_FEATURE_PX=8
[2026-03-15 14:55:18] 进度 1650/5000，fill=0.5215，N_COARSE=10，SIGMA1=2.07，SIGMA2=1.16，MIN_FEATURE_PX=7
[2026-03-15 14:55:19] 进度 1700/5000，fill=0.3574，N_COARSE=10，SIGMA1=1.96，SIGMA2=1.09，MIN_FEATURE_PX=8
[2026-03-15 14:55:19] 进度 1750/5000，fill=0.5537，N_COARSE=10，SIGMA1=1.95，SIGMA2=1.11，MIN_FEATURE_PX=6
[2026-03-15 14:55:19] 进度 1800/5000，fill=0.6016，N_COARSE=8，SIGMA1=1.82，SIGMA2=1.06，MIN_FEATURE_PX=6
[2026-03-15 14:55:19] 进度 1850/5000，fill=0.6074，N_COARSE=8，SIGMA1=2.07，SIGMA2=1.23，MIN_FEATURE_PX=7
[2026-03-15 14:55:19] 进度 1900/5000，fill=0.7236，N_COARSE=8，SIGMA1=1.88，SIGMA2=1.13，MIN_FEATURE_PX=8
[2026-03-15 14:55:19] 进度 1950/5000，fill=0.4131，N_COARSE=8，SIGMA1=1.91，SIGMA2=1.10，MIN_FEATURE_PX=6
[2026-03-15 14:55:19] 进度 2000/5000，fill=0.3701，N_COARSE=8，SIGMA1=1.94，SIGMA2=1.18，MIN_FEATURE_PX=8
[2026-03-15 14:55:19] 进度 2050/5000，fill=0.4160，N_COARSE=8，SIGMA1=1.76，SIGMA2=1.14，MIN_FEATURE_PX=6
[2026-03-15 14:55:19] 进度 2100/5000，fill=0.5684，N_COARSE=8，SIGMA1=1.80，SIGMA2=1.21，MIN_FEATURE_PX=8
[2026-03-15 14:55:19] 进度 2150/5000，fill=0.6045，N_COARSE=12，SIGMA1=1.81，SIGMA2=1.10，MIN_FEATURE_PX=7
[2026-03-15 14:55:19] 进度 2200/5000，fill=0.4316，N_COARSE=10，SIGMA1=1.74，SIGMA2=1.15，MIN_FEATURE_PX=7
[2026-03-15 14:55:20] 进度 2250/5000，fill=0.6787，N_COARSE=12，SIGMA1=1.96，SIGMA2=1.12，MIN_FEATURE_PX=5
[2026-03-15 14:55:20] 进度 2300/5000，fill=0.6318，N_COARSE=10，SIGMA1=1.93，SIGMA2=1.29，MIN_FEATURE_PX=7
[2026-03-15 14:55:20] 进度 2350/5000，fill=0.3945，N_COARSE=12，SIGMA1=1.75，SIGMA2=1.19，MIN_FEATURE_PX=7
[2026-03-15 14:55:20] 进度 2400/5000，fill=0.2412，N_COARSE=12，SIGMA1=2.10，SIGMA2=1.27，MIN_FEATURE_PX=7
[2026-03-15 14:55:20] 进度 2450/5000，fill=0.6963，N_COARSE=10，SIGMA1=2.14，SIGMA2=1.08，MIN_FEATURE_PX=5
[2026-03-15 14:55:20] 进度 2500/5000，fill=0.6621，N_COARSE=12，SIGMA1=2.07，SIGMA2=1.03，MIN_FEATURE_PX=8
[2026-03-15 14:55:20] 进度 2550/5000，fill=0.7734，N_COARSE=12，SIGMA1=2.06，SIGMA2=1.18，MIN_FEATURE_PX=6
[2026-03-15 14:55:20] 进度 2600/5000，fill=0.5625，N_COARSE=10，SIGMA1=2.07，SIGMA2=1.25，MIN_FEATURE_PX=6
[2026-03-15 14:55:20] 进度 2650/5000，fill=0.6875，N_COARSE=8，SIGMA1=2.06，SIGMA2=1.09，MIN_FEATURE_PX=8
[2026-03-15 14:55:20] 进度 2700/5000，fill=0.4932，N_COARSE=8，SIGMA1=2.03，SIGMA2=1.08，MIN_FEATURE_PX=6
[2026-03-15 14:55:21] 进度 2750/5000，fill=0.4805，N_COARSE=10，SIGMA1=1.72，SIGMA2=1.19，MIN_FEATURE_PX=6
[2026-03-15 14:55:21] 进度 2800/5000，fill=0.6064，N_COARSE=8，SIGMA1=1.99，SIGMA2=1.05，MIN_FEATURE_PX=7
[2026-03-15 14:55:21] 进度 2850/5000，fill=0.4766，N_COARSE=8，SIGMA1=2.01，SIGMA2=1.04，MIN_FEATURE_PX=7
[2026-03-15 14:55:21] 进度 2900/5000，fill=0.5645，N_COARSE=10，SIGMA1=1.73，SIGMA2=1.20，MIN_FEATURE_PX=8
[2026-03-15 14:55:21] 进度 2950/5000，fill=0.2373，N_COARSE=10，SIGMA1=1.73，SIGMA2=1.03，MIN_FEATURE_PX=8
[2026-03-15 14:55:21] 进度 3000/5000，fill=0.6582，N_COARSE=10，SIGMA1=2.13，SIGMA2=1.03，MIN_FEATURE_PX=7
[2026-03-15 14:55:21] 进度 3050/5000，fill=0.3721，N_COARSE=12，SIGMA1=2.15，SIGMA2=1.26，MIN_FEATURE_PX=8
[2026-03-15 14:55:21] 进度 3100/5000，fill=0.3291，N_COARSE=8，SIGMA1=2.12，SIGMA2=1.12，MIN_FEATURE_PX=6
[2026-03-15 14:55:21] 进度 3150/5000，fill=0.2461，N_COARSE=10，SIGMA1=1.92，SIGMA2=1.21，MIN_FEATURE_PX=7
[2026-03-15 14:55:21] 进度 3200/5000，fill=0.7031，N_COARSE=10，SIGMA1=1.84，SIGMA2=1.05，MIN_FEATURE_PX=8
[2026-03-15 14:55:21] 进度 3250/5000，fill=0.4297，N_COARSE=10，SIGMA1=1.94，SIGMA2=1.10，MIN_FEATURE_PX=7
[2026-03-15 14:55:22] 进度 3300/5000，fill=0.6084，N_COARSE=10，SIGMA1=1.73，SIGMA2=1.18，MIN_FEATURE_PX=8
[2026-03-15 14:55:22] 进度 3350/5000，fill=0.4141，N_COARSE=8，SIGMA1=1.83，SIGMA2=1.23，MIN_FEATURE_PX=8
[2026-03-15 14:55:22] 进度 3400/5000，fill=0.3887，N_COARSE=8，SIGMA1=2.14，SIGMA2=1.19，MIN_FEATURE_PX=8
[2026-03-15 14:55:22] 进度 3450/5000，fill=0.5596，N_COARSE=10，SIGMA1=1.92，SIGMA2=1.15，MIN_FEATURE_PX=5
[2026-03-15 14:55:22] 进度 3500/5000，fill=0.6396，N_COARSE=8，SIGMA1=1.79，SIGMA2=1.22，MIN_FEATURE_PX=7
[2026-03-15 14:55:22] 进度 3550/5000，fill=0.4150，N_COARSE=8，SIGMA1=1.75，SIGMA2=1.07，MIN_FEATURE_PX=6
[2026-03-15 14:55:22] 进度 3600/5000，fill=0.6787，N_COARSE=8，SIGMA1=1.81，SIGMA2=1.17，MIN_FEATURE_PX=6
[2026-03-15 14:55:22] 进度 3650/5000，fill=0.4961，N_COARSE=10，SIGMA1=1.72，SIGMA2=1.17，MIN_FEATURE_PX=6
[2026-03-15 14:55:22] 进度 3700/5000，fill=0.3633，N_COARSE=10，SIGMA1=2.13，SIGMA2=1.05，MIN_FEATURE_PX=5
[2026-03-15 14:55:22] 进度 3750/5000，fill=0.4277，N_COARSE=10，SIGMA1=1.84，SIGMA2=1.22，MIN_FEATURE_PX=7
[2026-03-15 14:55:23] 进度 3800/5000，fill=0.6934，N_COARSE=10，SIGMA1=1.87，SIGMA2=1.21，MIN_FEATURE_PX=7
[2026-03-15 14:55:23] 进度 3850/5000，fill=0.6484，N_COARSE=10，SIGMA1=2.09，SIGMA2=1.02，MIN_FEATURE_PX=8
[2026-03-15 14:55:23] 进度 3900/5000，fill=0.3223，N_COARSE=12，SIGMA1=2.09，SIGMA2=1.28，MIN_FEATURE_PX=6
[2026-03-15 14:55:23] 进度 3950/5000，fill=0.5771，N_COARSE=10，SIGMA1=1.82，SIGMA2=1.16，MIN_FEATURE_PX=6
[2026-03-15 14:55:23] 进度 4000/5000，fill=0.3281，N_COARSE=8，SIGMA1=1.84，SIGMA2=1.29，MIN_FEATURE_PX=7
[2026-03-15 14:55:23] 进度 4050/5000，fill=0.4023，N_COARSE=10，SIGMA1=1.93，SIGMA2=1.29，MIN_FEATURE_PX=8
[2026-03-15 14:55:23] 进度 4100/5000，fill=0.4111，N_COARSE=8，SIGMA1=1.98，SIGMA2=1.16，MIN_FEATURE_PX=6
[2026-03-15 14:55:23] 进度 4150/5000，fill=0.3828，N_COARSE=8，SIGMA1=2.09，SIGMA2=1.27，MIN_FEATURE_PX=8
[2026-03-15 14:55:23] 进度 4200/5000，fill=0.7549，N_COARSE=8，SIGMA1=1.90，SIGMA2=1.17，MIN_FEATURE_PX=8
[2026-03-15 14:55:23] 进度 4250/5000，fill=0.4102，N_COARSE=10，SIGMA1=1.76，SIGMA2=1.25，MIN_FEATURE_PX=8
[2026-03-15 14:55:23] 进度 4300/5000，fill=0.4600，N_COARSE=8，SIGMA1=2.04，SIGMA2=1.26，MIN_FEATURE_PX=8
[2026-03-15 14:55:24] 进度 4350/5000，fill=0.6025，N_COARSE=12，SIGMA1=1.83，SIGMA2=1.19，MIN_FEATURE_PX=5
[2026-03-15 14:55:24] 进度 4400/5000，fill=0.3008，N_COARSE=12，SIGMA1=1.85，SIGMA2=1.02，MIN_FEATURE_PX=7
[2026-03-15 14:55:24] 进度 4450/5000，fill=0.4023，N_COARSE=10，SIGMA1=2.06，SIGMA2=1.14，MIN_FEATURE_PX=7
[2026-03-15 14:55:24] 进度 4500/5000，fill=0.3730，N_COARSE=10，SIGMA1=2.11，SIGMA2=1.08，MIN_FEATURE_PX=7
[2026-03-15 14:55:24] 进度 4550/5000，fill=0.2227，N_COARSE=12，SIGMA1=1.74，SIGMA2=1.30，MIN_FEATURE_PX=5
[2026-03-15 14:55:24] 进度 4600/5000，fill=0.3613，N_COARSE=8，SIGMA1=1.73，SIGMA2=1.18，MIN_FEATURE_PX=6
[2026-03-15 14:55:24] 进度 4650/5000，fill=0.5410，N_COARSE=10，SIGMA1=1.98，SIGMA2=1.14，MIN_FEATURE_PX=6
[2026-03-15 14:55:24] 进度 4700/5000，fill=0.3955，N_COARSE=8，SIGMA1=1.96，SIGMA2=1.21，MIN_FEATURE_PX=8
[2026-03-15 14:55:24] 进度 4750/5000，fill=0.5049，N_COARSE=8，SIGMA1=1.89，SIGMA2=1.30，MIN_FEATURE_PX=7
[2026-03-15 14:55:24] 进度 4800/5000，fill=0.6211，N_COARSE=8，SIGMA1=1.77，SIGMA2=1.12，MIN_FEATURE_PX=5
[2026-03-15 14:55:25] 进度 4850/5000，fill=0.4531，N_COARSE=8，SIGMA1=1.81，SIGMA2=1.16，MIN_FEATURE_PX=6
[2026-03-15 14:55:25] 进度 4900/5000，fill=0.6416，N_COARSE=12，SIGMA1=1.99，SIGMA2=1.09，MIN_FEATURE_PX=7
[2026-03-15 14:55:25] 进度 4950/5000，fill=0.3721，N_COARSE=8，SIGMA1=1.77，SIGMA2=1.20，MIN_FEATURE_PX=7
[2026-03-15 14:55:25] 进度 5000/5000，fill=0.4326，N_COARSE=8，SIGMA1=2.06，SIGMA2=1.19，MIN_FEATURE_PX=7
[2026-03-15 14:55:25] 结构保存完成: /data/GraduationProject/data/structures/structures.npy
[2026-03-15 14:55:25] 数组形状: (5000, 64, 64)，约定 1=材料，0=空气
