\BOOKMARK [1][-]{section.1}{\376\377\137\025\212\000}{}% 1
\BOOKMARK [2][-]{subsection.1.1}{\376\377\116\316\120\205\221\314\123\366\121\111\133\146\122\060\211\322\122\006\217\250\173\227\133\120\215\205\210\150\227\142}{section.1}% 2
\BOOKMARK [2][-]{subsection.1.2}{\376\377\220\006\124\021\213\276\213\241\116\072\117\125\116\315\161\066\126\360\226\276}{section.1}% 3
\BOOKMARK [2][-]{subsection.1.3}{\376\377\147\054\145\207\166\204\150\070\137\303\213\272\160\271}{section.1}% 4
\BOOKMARK [1][-]{section.2}{\376\377\176\337\116\000\211\322\136\246\040\023\230\221\163\207\040\023\120\117\143\057\124\315\136\224\210\150\217\360}{}% 5
\BOOKMARK [2][-]{subsection.2.1}{\376\377\116\345\124\315\136\224\127\072\117\134\116\072\231\226\211\201\213\276\213\241\133\371\214\141}{section.2}% 6
\BOOKMARK [2][-]{subsection.2.2}{\376\377\176\337\116\000\166\356\150\007\133\266\145\317}{section.2}% 7
\BOOKMARK [2][-]{subsection.2.3}{\376\377\162\151\164\006\116\000\201\364\166\204\220\006\124\021\166\356\150\007}{section.2}% 8
\BOOKMARK [1][-]{section.3}{\376\377\162\151\164\006\116\000\201\364\166\204\165\037\142\020\137\017\150\106\147\266}{}% 9
\BOOKMARK [2][-]{subsection.3.1}{\376\377\116\377\167\037\232\161\122\250\166\204\145\160\143\156\147\204\136\372}{section.3}% 10
\BOOKMARK [2][-]{subsection.3.2}{\376\377\153\143\124\021\116\343\164\006\116\016\120\031\220\011\226\306\116\055}{section.3}% 11
\BOOKMARK [2][-]{subsection.3.3}{\376\377\147\141\116\366\165\037\142\020\137\017\220\006\124\021\146\040\134\004}{section.3}% 12
\BOOKMARK [2][-]{subsection.3.4}{\376\377\225\355\163\257\162\151\164\006\232\214\213\301\116\016\221\315\143\222\136\217}{section.3}% 13
\BOOKMARK [1][-]{section.4}{\376\377\133\236\232\214\213\276\177\156}{}% 14
\BOOKMARK [2][-]{subsection.4.1}{\376\377\126\150\116\366\145\317\116\016\176\323\147\204\123\302\145\160\123\026}{section.4}% 15
\BOOKMARK [2][-]{subsection.4.2}{\376\377\166\356\150\007\133\232\116\111\116\016\221\307\150\067\173\126\165\145}{section.4}% 16
\BOOKMARK [2][-]{subsection.4.3}{\376\377\213\304\116\367\143\007\150\007\116\016\127\372\176\277}{section.4}% 17
\BOOKMARK [1][-]{section.5}{\376\377\116\073\211\201\176\323\147\234}{}% 18
\BOOKMARK [2][-]{subsection.5.1}{\376\377\116\214\226\066\120\205\221\314\123\366\173\227\133\120\215\205\210\150\227\142\117\134\116\072\150\070\137\303\171\072\117\213}{section.5}% 19
\BOOKMARK [2][-]{subsection.5.2}{\376\377\124\315\136\224\134\102\232\214\213\301}{section.5}% 20
\BOOKMARK [2][-]{subsection.5.3}{\376\377\173\227\133\120\176\247\122\237\200\375\116\016\162\151\164\006\123\357\117\341\136\246}{section.5}% 21
\BOOKMARK [1][-]{section.6}{\376\377\215\350\211\322\136\246\060\001\230\221\163\207\116\016\120\117\143\057\166\204\176\337\116\000\232\214\213\301}{}% 22
\BOOKMARK [2][-]{subsection.6.1}{\376\377\211\322\136\246\176\364\136\246\232\214\213\301}{section.6}% 23
\BOOKMARK [2][-]{subsection.6.2}{\376\377\230\221\163\207\176\364\136\246\232\214\213\301}{section.6}% 24
\BOOKMARK [2][-]{subsection.6.3}{\376\377\120\117\143\057\176\364\136\246\232\214\213\301}{section.6}% 25
\BOOKMARK [1][-]{section.7}{\376\377\155\210\207\215\116\016\122\006\147\220}{}% 26
\BOOKMARK [2][-]{subsection.7.1}{\376\377\162\151\164\006\221\315\143\222\136\217\166\204\117\134\165\050}{section.7}% 27
\BOOKMARK [2][-]{subsection.7.2}{\376\377\176\337\116\000\124\315\136\224\147\141\116\366\166\204\117\134\165\050}{section.7}% 28
\BOOKMARK [2][-]{subsection.7.3}{\376\377\165\037\142\020\137\017\116\016\170\156\133\232\140\047\220\006\124\021\146\040\134\004\166\204\153\324\217\203}{section.7}% 29
\BOOKMARK [1][-]{section.8}{\376\377\213\250\213\272}{}% 30
\BOOKMARK [2][-]{subsection.8.1}{\376\377\116\072\117\125\040\034\176\337\116\000\123\026\040\035\221\315\211\201}{section.8}% 31
\BOOKMARK [2][-]{subsection.8.2}{\376\377\134\100\226\120\140\047\116\016\147\052\147\145\225\356\230\230}{section.8}% 32
\BOOKMARK [1][-]{section.9}{\376\377\176\323\213\272}{}% 33
